  Determinando los proyectos que se van a restaurar...
  Todos los proyectos est├ín actualizados para la restauraci├│n.
C:\DesarrolloIA\Traiding\WpfDerivClientVB\Dashboard\controls\AdminSidebar.xaml(38,102): error BC30456: 'NavBtn_Click' no es un miembro de 'AdminSidebar'. [C:\DesarrolloIA\Traiding\WpfDerivClientVB\WpfDerivClientVB_ebmdoxnw_wpftmp.vbproj]
C:\DesarrolloIA\Traiding\WpfDerivClientVB\Dashboard\controls\AdminSidebar.xaml(47,98): error BC30456: 'NavBtn_Click' no es un miembro de 'AdminSidebar'. [C:\DesarrolloIA\Traiding\WpfDerivClientVB\WpfDerivClientVB_ebmdoxnw_wpftmp.vbproj]
C:\DesarrolloIA\Traiding\WpfDerivClientVB\Dashboard\controls\AdminSidebar.xaml(54,101): error BC30456: 'NavBtn_Click' no es un miembro de 'AdminSidebar'. [C:\DesarrolloIA\Traiding\WpfDerivClientVB\WpfDerivClientVB_ebmdoxnw_wpftmp.vbproj]
C:\DesarrolloIA\Traiding\WpfDerivClientVB\Dashboard\controls\AdminSidebar.xaml(61,100): error BC30456: 'NavBtn_Click' no es un miembro de 'AdminSidebar'. [C:\DesarrolloIA\Traiding\WpfDerivClientVB\WpfDerivClientVB_ebmdoxnw_wpftmp.vbproj]
C:\DesarrolloIA\Traiding\WpfDerivClientVB\Dashboard\controls\AdminSidebar.xaml(69,102): error BC30456: 'NavBtn_Click' no es un miembro de 'AdminSidebar'. [C:\DesarrolloIA\Traiding\WpfDerivClientVB\WpfDerivClientVB_ebmdoxnw_wpftmp.vbproj]
C:\DesarrolloIA\Traiding\WpfDerivClientVB\Dashboard\controls\AdminSidebar.xaml(76,103): error BC30456: 'NavBtn_Click' no es un miembro de 'AdminSidebar'. [C:\DesarrolloIA\Traiding\WpfDerivClientVB\WpfDerivClientVB_ebmdoxnw_wpftmp.vbproj]
C:\DesarrolloIA\Traiding\WpfDerivClientVB\Dashboard\controls\AdminSidebar.xaml(83,101): error BC30456: 'NavBtn_Click' no es un miembro de 'AdminSidebar'. [C:\DesarrolloIA\Traiding\WpfDerivClientVB\WpfDerivClientVB_ebmdoxnw_wpftmp.vbproj]
C:\DesarrolloIA\Traiding\WpfDerivClientVB\Views\MainWindow.xaml.vb(166,17): warning BC42358: Como esta llamada no es 'awaited', la ejecuci├│n del m├®todo actual continuar├í antes de que se complete la llamada. Puede aplicar el operador Await al resultado de la llamada. [C:\DesarrolloIA\Traiding\WpfDerivClientVB\WpfDerivClientVB_ebmdoxnw_wpftmp.vbproj]

ERROR al compilar.

C:\DesarrolloIA\Traiding\WpfDerivClientVB\Views\MainWindow.xaml.vb(166,17): warning BC42358: Como esta llamada no es 'awaited', la ejecuci├│n del m├®todo actual continuar├í antes de que se complete la llamada. Puede aplicar el operador Await al resultado de la llamada. [C:\DesarrolloIA\Traiding\WpfDerivClientVB\WpfDerivClientVB_ebmdoxnw_wpftmp.vbproj]
C:\DesarrolloIA\Traiding\WpfDerivClientVB\Dashboard\controls\AdminSidebar.xaml(38,102): error BC30456: 'NavBtn_Click' no es un miembro de 'AdminSidebar'. [C:\DesarrolloIA\Traiding\WpfDerivClientVB\WpfDerivClientVB_ebmdoxnw_wpftmp.vbproj]
C:\DesarrolloIA\Traiding\WpfDerivClientVB\Dashboard\controls\AdminSidebar.xaml(47,98): error BC30456: 'NavBtn_Click' no es un miembro de 'AdminSidebar'. [C:\DesarrolloIA\Traiding\WpfDerivClientVB\WpfDerivClientVB_ebmdoxnw_wpftmp.vbproj]
C:\DesarrolloIA\Traiding\WpfDerivClientVB\Dashboard\controls\AdminSidebar.xaml(54,101): error BC30456: 'NavBtn_Click' no es un miembro de 'AdminSidebar'. [C:\DesarrolloIA\Traiding\WpfDerivClientVB\WpfDerivClientVB_ebmdoxnw_wpftmp.vbproj]
C:\DesarrolloIA\Traiding\WpfDerivClientVB\Dashboard\controls\AdminSidebar.xaml(61,100): error BC30456: 'NavBtn_Click' no es un miembro de 'AdminSidebar'. [C:\DesarrolloIA\Traiding\WpfDerivClientVB\WpfDerivClientVB_ebmdoxnw_wpftmp.vbproj]
C:\DesarrolloIA\Traiding\WpfDerivClientVB\Dashboard\controls\AdminSidebar.xaml(69,102): error BC30456: 'NavBtn_Click' no es un miembro de 'AdminSidebar'. [C:\DesarrolloIA\Traiding\WpfDerivClientVB\WpfDerivClientVB_ebmdoxnw_wpftmp.vbproj]
C:\DesarrolloIA\Traiding\WpfDerivClientVB\Dashboard\controls\AdminSidebar.xaml(76,103): error BC30456: 'NavBtn_Click' no es un miembro de 'AdminSidebar'. [C:\DesarrolloIA\Traiding\WpfDerivClientVB\WpfDerivClientVB_ebmdoxnw_wpftmp.vbproj]
C:\DesarrolloIA\Traiding\WpfDerivClientVB\Dashboard\controls\AdminSidebar.xaml(83,101): error BC30456: 'NavBtn_Click' no es un miembro de 'AdminSidebar'. [C:\DesarrolloIA\Traiding\WpfDerivClientVB\WpfDerivClientVB_ebmdoxnw_wpftmp.vbproj]
    1 Advertencia(s)
    7 Errores

Tiempo transcurrido 00:00:02.02
