  Determinando los proyectos que se van a restaurar...
  Todos los proyectos están actualizados para la restauración.
C:\DesarrolloIA\Traiding\WpfDerivClientVB\Dashboard\AdminDashboard.xaml.vb(44,35): error BC30002: No está definido el tipo 'CandleViewerWindow'. [C:\DesarrolloIA\Traiding\WpfDerivClientVB\WpfDerivClientVB_ixwczwuc_wpftmp.vbproj]
C:\DesarrolloIA\Traiding\WpfDerivClientVB\Views\MainWindow.xaml.vb(166,17): warning BC42358: Como esta llamada no es 'awaited', la ejecución del método actual continuará antes de que se complete la llamada. Puede aplicar el operador Await al resultado de la llamada. [C:\DesarrolloIA\Traiding\WpfDerivClientVB\WpfDerivClientVB_ixwczwuc_wpftmp.vbproj]

ERROR al compilar.

C:\DesarrolloIA\Traiding\WpfDerivClientVB\Views\MainWindow.xaml.vb(166,17): warning BC42358: Como esta llamada no es 'awaited', la ejecución del método actual continuará antes de que se complete la llamada. Puede aplicar el operador Await al resultado de la llamada. [C:\DesarrolloIA\Traiding\WpfDerivClientVB\WpfDerivClientVB_ixwczwuc_wpftmp.vbproj]
C:\DesarrolloIA\Traiding\WpfDerivClientVB\Dashboard\AdminDashboard.xaml.vb(44,35): error BC30002: No está definido el tipo 'CandleViewerWindow'. [C:\DesarrolloIA\Traiding\WpfDerivClientVB\WpfDerivClientVB_ixwczwuc_wpftmp.vbproj]
    1 Advertencia(s)
    1 Errores

Tiempo transcurrido 00:00:05.20
